<html>
<body>
<pre>
<h1>µVision Build Log</h1>
<h2>Tool Versions:</h2>
IDE-Version: µVision V5.33.0.0
Copyright (C) 2020 ARM Ltd and ARM Germany GmbH. All rights reserved.
License Information: Saeed rashvand, Vebko, LIC=3UURY-IST9J-BXJUY-IYIZ7-RX7R2-ELUL2
 
Tool Versions:
Toolchain:       MDK-ARM Professional  Version: 5.33.0.0
Toolchain Path:  C:\Keil_v5.33\ARM\ARMCC\Bin
C Compiler:      Armcc.exe V5.06 update 7 (build 960)
Assembler:       Armasm.exe V5.06 update 7 (build 960)
Linker/Locator:  ArmLink.exe V5.06 update 7 (build 960)
Library Manager: ArmAr.exe V5.06 update 7 (build 960)
Hex Converter:   FromElf.exe V5.06 update 7 (build 960)
CPU DLL:         SARMCM3.DLL V5.33.0.0
Dialog DLL:      DCM.DLL V1.17.3.0
Target DLL:      UL2CM3.DLL V1.163.9.0
Dialog DLL:      TCM.DLL V1.48.0.0
 
<h2>Project:</h2>
D:\Working\FLM\STM32H750_W25Q64\STM32H750_W25Q64.uvprojx
Project File Date:  11/08/2020

<h2>Output:</h2>
*** Using Compiler 'V5.06 update 7 (build 960)', folder: 'C:\Keil_v5.33\ARM\ARMCC\Bin'
Build target 'VEBKO_H750_HDR_W25Q64'
compiling FlashDev.c...
compiling FlashPrg.c...
compiling qspi.c...
compiling w25qxx.c...
compiling sys.c...
linking...
Program Size: Code=2860 RO-data=4256 RW-data=12 ZI-data=8192  
After Build - User command #1: cmd.exe /C copy ".\Out\VEBKO_H750_HDR_W25Q64.axf" "..\VEBKO_H750_HDR_W25Q64.FLM"
        1 file(s) copied.
".\Out\VEBKO_H750_HDR_W25Q64.axf" - 0 Error(s), 0 Warning(s).

<h2>Software Packages used:</h2>

Package Vendor: ARM
                http://www.keil.com/pack/ARM.CMSIS.5.7.0.pack
                ARM.CMSIS.5.7.0
                CMSIS (Cortex Microcontroller Software Interface Standard)
   * Component: CORE Version: 5.4.0

Package Vendor: Keil
                https://www.keil.com/pack/Keil.STM32H7xx_DFP.2.7.0.pack
                Keil.STM32H7xx_DFP.2.7.0
                STMicroelectronics STM32H7 Series Device Support and Examples

<h2>Collection of Component include folders:</h2>
  .\RTE\_VEBKO_H750_HDR_W25Q64
  C:\Users\Saeed\AppData\Local\Arm\Packs\ARM\CMSIS\5.7.0\CMSIS\Core\Include
  C:\Users\Saeed\AppData\Local\Arm\Packs\Keil\STM32H7xx_DFP\2.7.0\Drivers\CMSIS\Device\ST\STM32H7xx\Include

<h2>Collection of Component Files used:</h2>

   * Component: ARM::CMSIS:CORE:5.4.0
Build Time Elapsed:  00:00:05
</pre>
</body>
</html>
